11:01:50 **** Incremental Build of configuration Debug for project DataCopyFlashToSRAM ****
make -j12 all 
arm-none-eabi-gcc "../Src/main.c" -mcpu=cortex-m4 -std=gnu11 -g3 -DDEBUG -DSTM32 -DSTM32F407G_DISC1 -DSTM32F4 -DSTM32F407VGTx -c -I../Inc -O0 -ffunction-sections -fdata-sections -Wall -fstack-usage -MMD -MP -MF"Src/main.d" -MT"Src/main.o" --specs=nano.specs -mfpu=fpv4-sp-d16 -mfloat-abi=hard -mthumb -o "Src/main.o"
arm-none-eabi-gcc -o "DataCopyFlashToSRAM.elf" @"objects.list"   -mcpu=cortex-m4 -T"C:\Git\Custom_Bootloader_Peripheral_STM32F4\Master_Peripheral\Workspace\DataCopyFlashToSRAM\STM32F407VGTX_FLASH.ld" --specs=nosys.specs -Wl,-Map="DataCopyFlashToSRAM.map" -Wl,--gc-sections -static --specs=nano.specs -mfpu=fpv4-sp-d16 -mfloat-abi=hard -mthumb -Wl,--start-group -lc -lm -Wl,--end-group
Finished building target: DataCopyFlashToSRAM.elf
 
arm-none-eabi-size   DataCopyFlashToSRAM.elf 
arm-none-eabi-objdump -h -S  DataCopyFlashToSRAM.elf  > "DataCopyFlashToSRAM.list"
arm-none-eabi-objcopy  -O binary  DataCopyFlashToSRAM.elf  "DataCopyFlashToSRAM.bin"
   text	   data	    bss	    dec	    hex	filename
    784	     12	   1620	   2416	    970	DataCopyFlashToSRAM.elf
Finished building: default.size.stdout
 
Finished building: DataCopyFlashToSRAM.bin
Finished building: DataCopyFlashToSRAM.list
 
 

11:01:50 Build Finished. 0 errors, 0 warnings. (took 471ms)

