19:46:11 **** Incremental Build of configuration Debug for project 005_HSI_Measurement ****
make -j12 all 
arm-none-eabi-gcc "../Src/main.c" -mcpu=cortex-m4 -std=gnu11 -g3 -DDEBUG -DSTM32 -DSTM32F407G_DISC1 -DSTM32F4 -DSTM32F407VGTx -c -I../Inc -O0 -ffunction-sections -fdata-sections -Wall -fstack-usage -MMD -MP -MF"Src/main.d" -MT"Src/main.o" --specs=nano.specs -mfpu=fpv4-sp-d16 -mfloat-abi=hard -mthumb -o "Src/main.o"
arm-none-eabi-gcc -o "005_HSI_Measurement.elf" @"objects.list"   -mcpu=cortex-m4 -T"C:\Git\Custom_Bootloader_Peripheral_STM32F4\Master_Peripheral\Workspace\HSI_Measurement\STM32F407VGTX_FLASH.ld" --specs=nosys.specs -Wl,-Map="005_HSI_Measurement.map" -Wl,--gc-sections -static --specs=nano.specs -mfpu=fpv4-sp-d16 -mfloat-abi=hard -mthumb -Wl,--start-group -lc -lm -Wl,--end-group
Finished building target: 005_HSI_Measurement.elf
 
arm-none-eabi-size   005_HSI_Measurement.elf 
arm-none-eabi-objdump -h -S  005_HSI_Measurement.elf  > "005_HSI_Measurement.list"
arm-none-eabi-objcopy  -O binary  005_HSI_Measurement.elf  "005_HSI_Measurement.bin"
   text	   data	    bss	    dec	    hex	filename
    740	      8	   1568	   2316	    90c	005_HSI_Measurement.elf
Finished building: default.size.stdout
 
Finished building: 005_HSI_Measurement.bin
Finished building: 005_HSI_Measurement.list
 
 
19:48:18 **** Incremental Build of configuration Debug for project 005_HSI_Measurement ****
make -j12 all 
arm-none-eabi-gcc "../Src/main.c" -mcpu=cortex-m4 -std=gnu11 -g3 -DDEBUG -DSTM32 -DSTM32F407G_DISC1 -DSTM32F4 -DSTM32F407VGTx -c -I../Inc -O0 -ffunction-sections -fdata-sections -Wall -fstack-usage -MMD -MP -MF"Src/main.d" -MT"Src/main.o" --specs=nano.specs -mfpu=fpv4-sp-d16 -mfloat-abi=hard -mthumb -o "Src/main.o"
arm-none-eabi-gcc -o "005_HSI_Measurement.elf" @"objects.list"   -mcpu=cortex-m4 -T"C:\Git\Custom_Bootloader_Peripheral_STM32F4\Master_Peripheral\Workspace\HSI_Measurement\STM32F407VGTX_FLASH.ld" --specs=nosys.specs -Wl,-Map="005_HSI_Measurement.map" -Wl,--gc-sections -static --specs=nano.specs -mfpu=fpv4-sp-d16 -mfloat-abi=hard -mthumb -Wl,--start-group -lc -lm -Wl,--end-group
Finished building target: 005_HSI_Measurement.elf
 
arm-none-eabi-size   005_HSI_Measurement.elf 
arm-none-eabi-objdump -h -S  005_HSI_Measurement.elf  > "005_HSI_Measurement.list"
arm-none-eabi-objcopy  -O binary  005_HSI_Measurement.elf  "005_HSI_Measurement.bin"
   text	   data	    bss	    dec	    hex	filename
    752	      8	   1568	   2328	    918	005_HSI_Measurement.elf
Finished building: default.size.stdout
 
Finished building: 005_HSI_Measurement.bin
Finished building: 005_HSI_Measurement.list
 
 
20:09:52 **** Incremental Build of configuration Debug for project 005_HSI_Measurement ****
make -j12 all 
arm-none-eabi-gcc "../Src/main.c" -mcpu=cortex-m4 -std=gnu11 -g3 -DDEBUG -DSTM32 -DSTM32F407G_DISC1 -DSTM32F4 -DSTM32F407VGTx -c -I../Inc -O0 -ffunction-sections -fdata-sections -Wall -fstack-usage -MMD -MP -MF"Src/main.d" -MT"Src/main.o" --specs=nano.specs -mfpu=fpv4-sp-d16 -mfloat-abi=hard -mthumb -o "Src/main.o"
arm-none-eabi-gcc -o "005_HSI_Measurement.elf" @"objects.list"   -mcpu=cortex-m4 -T"C:\Git\Custom_Bootloader_Peripheral_STM32F4\Master_Peripheral\Workspace\HSI_Measurement\STM32F407VGTX_FLASH.ld" --specs=nosys.specs -Wl,-Map="005_HSI_Measurement.map" -Wl,--gc-sections -static --specs=nano.specs -mfpu=fpv4-sp-d16 -mfloat-abi=hard -mthumb -Wl,--start-group -lc -lm -Wl,--end-group
Finished building target: 005_HSI_Measurement.elf
 
arm-none-eabi-size   005_HSI_Measurement.elf 
arm-none-eabi-objdump -h -S  005_HSI_Measurement.elf  > "005_HSI_Measurement.list"
arm-none-eabi-objcopy  -O binary  005_HSI_Measurement.elf  "005_HSI_Measurement.bin"
   text	   data	    bss	    dec	    hex	filename
    776	      8	   1568	   2352	    930	005_HSI_Measurement.elf
Finished building: default.size.stdout
 
Finished building: 005_HSI_Measurement.bin
Finished building: 005_HSI_Measurement.list
 
 
