<html>
<body>
<pre>
<h1>µVision Build Log</h1>
<h2>Tool Versions:</h2>
IDE-Version: µVision V5.31.0.0
Copyright (C) 2020 ARM Ltd and ARM Germany GmbH. All rights reserved.
License Information: Phan Thanh Hung, PTH, LIC=GMZI6-DDLQ2-74NS0-B1DRP-FT852-M83LB
 
Tool Versions:
Toolchain:       MDK-ARM Plus  Version: 5.31.0.0
Toolchain Path:  C:\Keil_v5\ARM\ARMCC\Bin
C Compiler:      Armcc.exe V5.06 update 6 (build 750)
Assembler:       Armasm.exe V5.06 update 6 (build 750)
Linker/Locator:  ArmLink.exe V5.06 update 6 (build 750)
Library Manager: ArmAr.exe V5.06 update 6 (build 750)
Hex Converter:   FromElf.exe V5.06 update 6 (build 750)
CPU DLL:         SARMCM3.DLL V5.31.0.0
Dialog DLL:      DCM.DLL V1.17.3.0
Target DLL:      STLink\ST-LINKIII-KEIL_SWO.dll V3.0.7.0
Dialog DLL:      TCM.DLL V1.46.0.0
 
<h2>Project:</h2>
C:\Git\Custom_Bootloader_Peripheral_STM32F4\Custom_Boot_STM32F4_DISCO\Lession_1\MDK-ARM\Lession_1.uvprojx
Project File Date:  07/05/2021

<h2>Output:</h2>
*** Using Compiler 'V5.06 update 6 (build 750)', folder: 'C:\Keil_v5\ARM\ARMCC\Bin'
Build target 'Lession_1'
compiling main.c...
../Core/Src/main.c(156): warning:  #223-D: function "memset" declared implicitly
  		memset(bl_rx_buffer, 0, 200);
../Core/Src/main.c(232): warning:  #513-D: a value of type "void *" cannot be assigned to an entity of type "void (*)(void)"
  	app_reset_handler = (void*) resethandler_value;
../Core/Src/main.c(735): warning:  #144-D: a value of type "void *" cannot be used to initialize an entity of type "void (*)(void)"
  			void (*jump_address) (void) = (void*)go_addr;
../Core/Src/main.c: 3 warnings, 0 errors
linking...
Program Size: Code=9500 RO-data=448 RW-data=40 ZI-data=1328  
FromELF: creating hex file...
"Lession_1\Lession_1.axf" - 0 Error(s), 3 Warning(s).

<h2>Software Packages used:</h2>

Package Vendor: ARM
                http://www.keil.com/pack/ARM.CMSIS.5.7.0.pack
                ARM.CMSIS.5.7.0
                CMSIS (Cortex Microcontroller Software Interface Standard)
   * Component: CORE Version: 5.4.0

Package Vendor: Keil
                http://www.keil.com/pack/Keil.STM32F4xx_DFP.2.15.0.pack
                Keil.STM32F4xx_DFP.2.15.0
                STMicroelectronics STM32F4 Series Device Support, Drivers and Examples

<h2>Collection of Component include folders:</h2>
  .\RTE\_Lession_1
  C:\Users\phant\AppData\Local\Arm\Packs\ARM\CMSIS\5.7.0\CMSIS\Core\Include
  C:\Users\phant\AppData\Local\Arm\Packs\Keil\STM32F4xx_DFP\2.15.0\Drivers\CMSIS\Device\ST\STM32F4xx\Include

<h2>Collection of Component Files used:</h2>

   * Component: ARM::CMSIS:CORE:5.4.0
      Include file:  CMSIS\Core\Include\tz_context.h
Build Time Elapsed:  00:00:02
</pre>
</body>
</html>
